Using pre-set license
Built from '2021.3/staging' branch; Version is '2021.3.45f1 (0da89fac8e79) revision 895135'; Using compiler version '192829333'; Build Type 'Release'
OS: 'Windows 11  (10.0.26200) 64bit Core' Language: 'ja' Physical Memory: 32023 MB
BatchMode: 1, IsHumanControllingUs: 0, StartBugReporterOnCrash: 0, Is64bit: 1, IsPro: 1

COMMAND LINE ARGUMENTS:
C:\Program Files\Unity\Hub\Editor\2021.3.45f1\Editor\Unity.exe
-adb2
-batchMode
-noUpm
-name
AssetImportWorker0
-projectPath
C:/Users/mator/OneDrive/ドキュメント/Unity/Okashi_Atlier2
-logFile
Logs/AssetImportWorker0.log
-srvPort
64232
Successfully changed project path to: C:/Users/mator/OneDrive/ドキュメント/Unity/Okashi_Atlier2
C:/Users/mator/OneDrive/ドキュメント/Unity/Okashi_Atlier2
[UnityMemory] Configuration Parameters - Can be set up in boot.config
    "memorysetup-bucket-allocator-granularity=16"
    "memorysetup-bucket-allocator-bucket-count=8"
    "memorysetup-bucket-allocator-block-size=33554432"
    "memorysetup-bucket-allocator-block-count=8"
    "memorysetup-main-allocator-block-size=16777216"
    "memorysetup-thread-allocator-block-size=16777216"
    "memorysetup-gfx-main-allocator-block-size=16777216"
    "memorysetup-gfx-thread-allocator-block-size=16777216"
    "memorysetup-cache-allocator-block-size=4194304"
    "memorysetup-typetree-allocator-block-size=2097152"
    "memorysetup-profiler-bucket-allocator-granularity=16"
    "memorysetup-profiler-bucket-allocator-bucket-count=8"
    "memorysetup-profiler-bucket-allocator-block-size=33554432"
    "memorysetup-profiler-bucket-allocator-block-count=8"
    "memorysetup-profiler-allocator-block-size=16777216"
    "memorysetup-profiler-editor-allocator-block-size=1048576"
    "memorysetup-temp-allocator-size-main=16777216"
    "memorysetup-job-temp-allocator-block-size=2097152"
    "memorysetup-job-temp-allocator-block-size-background=1048576"
    "memorysetup-job-temp-allocator-reduction-small-platforms=262144"
    "memorysetup-temp-allocator-size-background-worker=32768"
    "memorysetup-temp-allocator-size-job-worker=262144"
    "memorysetup-temp-allocator-size-preload-manager=33554432"
    "memorysetup-temp-allocator-size-nav-mesh-worker=65536"
    "memorysetup-temp-allocator-size-audio-worker=65536"
    "memorysetup-temp-allocator-size-cloud-worker=32768"
    "memorysetup-temp-allocator-size-gi-baking-worker=262144"
    "memorysetup-temp-allocator-size-gfx=262144"
Player connection [35652] Host "[IP] 10.206.8.11 [Port] 0 [Flags] 2 [Guid] 3875293465 [EditorId] 3875293465 [Version] 1048832 [Id] WindowsEditor(7,aritashogo) [Debug] 1 [PackageName] WindowsEditor [ProjectName] Editor" joined multi-casting on [225.0.0.222:54997]...

Player connection [35652] Host "[IP] 10.206.8.11 [Port] 0 [Flags] 2 [Guid] 3875293465 [EditorId] 3875293465 [Version] 1048832 [Id] WindowsEditor(7,aritashogo) [Debug] 1 [PackageName] WindowsEditor [ProjectName] Editor" joined alternative multi-casting on [225.0.0.222:34997]...

[Physics::Module] Initialized MultithreadedJobDispatcher with {0} workers.
Refreshing native plugins compatible for Editor in 59.60 ms, found 3 plugins.
Preloading 0 native plugins for Editor in 0.00 ms.
Initialize engine version: 2021.3.45f1 (0da89fac8e79)
[Subsystems] Discovering subsystems at path C:/Program Files/Unity/Hub/Editor/2021.3.45f1/Editor/Data/Resources/UnitySubsystems
[Subsystems] Discovering subsystems at path C:/Users/mator/OneDrive/ドキュメント/Unity/Okashi_Atlier2/Assets
GfxDevice: creating device client; threaded=0; jobified=0
Direct3D:
    Version:  Direct3D 11.0 [level 11.1]
    Renderer: NVIDIA GeForce RTX 3050 (ID=0x2584)
    Vendor:   NVIDIA
    VRAM:     6002 MB
    Driver:   32.0.16.1062
Initialize mono
Mono path[0] = 'C:/Program Files/Unity/Hub/Editor/2021.3.45f1/Editor/Data/Managed'
Mono path[1] = 'C:/Program Files/Unity/Hub/Editor/2021.3.45f1/Editor/Data/MonoBleedingEdge/lib/mono/unityjit-win32'
Mono config path = 'C:/Program Files/Unity/Hub/Editor/2021.3.45f1/Editor/Data/MonoBleedingEdge/etc'
Using monoOptions --debugger-agent=transport=dt_socket,embedding=1,server=y,suspend=n,address=127.0.0.1:56652
Begin MonoManager ReloadAssembly
Registering precompiled unity dll's ...
Register platform support module: C:/Program Files/Unity/Hub/Editor/2021.3.45f1/Editor/Data/PlaybackEngines/WindowsStandaloneSupport/UnityEditor.WindowsStandalone.Extensions.dll
Registered in 0.003586 seconds.
Native extension for WindowsStandalone target not found
Refreshing native plugins compatible for Editor in 46.19 ms, found 3 plugins.
Preloading 0 native plugins for Editor in 0.00 ms.
Mono: successfully reloaded assembly
- Completed reload, in  0.388 seconds
Domain Reload Profiling:
	ReloadAssembly (388ms)
		BeginReloadAssembly (63ms)
			ExecutionOrderSort (0ms)
			DisableScriptedObjects (0ms)
			BackupInstance (0ms)
			ReleaseScriptingObjects (0ms)
			CreateAndSetChildDomain (1ms)
		EndReloadAssembly (266ms)
			LoadAssemblies (62ms)
			RebuildTransferFunctionScriptingTraits (0ms)
			SetupTypeCache (61ms)
			ReleaseScriptCaches (0ms)
			RebuildScriptCaches (16ms)
			SetupLoadedEditorAssemblies (160ms)
				LogAssemblyErrors (0ms)
				InitializePlatformSupportModulesInManaged (5ms)
				SetLoadedEditorAssemblies (0ms)
				RefreshPlugins (46ms)
				BeforeProcessingInitializeOnLoad (1ms)
				ProcessInitializeOnLoadAttributes (78ms)
				ProcessInitializeOnLoadMethodAttributes (31ms)
				AfterProcessingInitializeOnLoad (0ms)
				EditorAssembliesLoaded (0ms)
			ExecutionOrderSort2 (0ms)
			AwakeInstancesAfterBackupRestoration (0ms)
Platform modules already initialized, skipping
Registering precompiled user dll's ...
Registered in 0.008407 seconds.
Begin MonoManager ReloadAssembly
Symbol file LoadedFromMemory is not a mono symbol file
Native extension for WindowsStandalone target not found
Refreshing native plugins compatible for Editor in 1.08 ms, found 3 plugins.
Preloading 0 native plugins for Editor in 0.00 ms.
Package Manager log level set to [2]
[Package Manager] Server::EnsureServerProcessIsRunning -- launch failed, reason: Unity was launched with the -noUpm command-line argument
[Package Manager] Cannot connect to Unity Package Manager local server
Mono: successfully reloaded assembly
- Completed reload, in  1.102 seconds
Domain Reload Profiling:
	ReloadAssembly (1102ms)
		BeginReloadAssembly (84ms)
			ExecutionOrderSort (0ms)
			DisableScriptedObjects (4ms)
			BackupInstance (0ms)
			ReleaseScriptingObjects (0ms)
			CreateAndSetChildDomain (13ms)
		EndReloadAssembly (961ms)
			LoadAssemblies (68ms)
			RebuildTransferFunctionScriptingTraits (0ms)
			SetupTypeCache (146ms)
			ReleaseScriptCaches (0ms)
			RebuildScriptCaches (43ms)
			SetupLoadedEditorAssemblies (695ms)
				LogAssemblyErrors (0ms)
				InitializePlatformSupportModulesInManaged (3ms)
				SetLoadedEditorAssemblies (0ms)
				RefreshPlugins (1ms)
				BeforeProcessingInitializeOnLoad (68ms)
				ProcessInitializeOnLoadAttributes (544ms)
				ProcessInitializeOnLoadMethodAttributes (73ms)
				AfterProcessingInitializeOnLoad (5ms)
				EditorAssembliesLoaded (0ms)
			ExecutionOrderSort2 (0ms)
			AwakeInstancesAfterBackupRestoration (4ms)
Platform modules already initialized, skipping
========================================================================
Worker process is ready to serve import requests
Launched and connected shader compiler UnityShaderCompiler.exe after 0.04 seconds
Refreshing native plugins compatible for Editor in 1.21 ms, found 3 plugins.
Preloading 0 native plugins for Editor in 0.00 ms.
Unloading 3626 Unused Serialized files (Serialized files now loaded: 0)
Unloading 93 unused Assets / (1.8 MB). Loaded Objects now: 4041.
Memory consumption went from 155.1 MB to 153.3 MB.
Total: 4.161300 ms (FindLiveObjects: 0.215400 ms CreateObjectMapping: 0.110300 ms MarkObjects: 3.572700 ms  DeleteObjects: 0.261900 ms)

AssetImportParameters requested are different than current active one (requested -> active):
  custom:video-decoder-ogg-theora: a1e56fd34408186e4bbccfd4996cb3dc -> 
  custom:container-muxer-webm: aa71ff27fc2769a1b78a27578f13a17b -> 
  custom:container-demuxer-webm: 4f35f7cbe854078d1ac9338744f61a02 -> 
  custom:video-encoder-webm-vp8: eb34c28f22e8b96e1ab97ce403110664 -> 
  custom:video-codec-MediaFoundation-h265: 746d11721c4dcdbdad8f713fa42b33f4 -> 
  custom:CustomObjectIndexerAttribute: bc11b3a6c3213fcdd17b65e7da85e133 -> 
  custom:audio-encoder-webm-vorbis: bf7c407c2cedff20999df2af8eb42d56 -> 
  custom:framework-win-MediaFoundation: 216162199b28c13a410421893ffa2e32 -> 
  custom:SearchIndexIgnoredProperties: e643bd26f0fe6173181afceb89e7c659 -> 
  custom:container-demuxer-ogg: 62fdf1f143b41e24485cea50d1cbac27 -> 
  custom:video-decoder-webm-vp8: 9c59270c3fd7afecdb556c50c9e8de78 -> 
  custom:audio-decoder-ogg-vorbis: bf7c407c2cedff20999df2af8eb42d56 -> 
========================================================================
Received Import Request.
  Time since last request: 960752.558566 seconds.
  path: Assets/Resources/Utage_Scenario/Texture/Bg/800dlfanfansakaba.jpg
  artifactKey: Guid(000333516a970ca48b929024f2dd96c5) Importer(815301076,1909f56bfc062723c751e8b465ee728b)
Number of updated assets reloaded before import = 0
Start importing Assets/Resources/Utage_Scenario/Texture/Bg/800dlfanfansakaba.jpg using Guid(000333516a970ca48b929024f2dd96c5) Importer(815301076,1909f56bfc062723c751e8b465ee728b)  -> (artifact id: '71cfcf29075a78d51623eee5ec3a6384') in 0.132325 seconds 
Number of asset objects unloaded after import = 3
========================================================================
Received Import Request.
  Time since last request: 6.617802 seconds.
  path: Assets/Resources/Utage_Scenario/Texture/Bg/29397135_p35.png
  artifactKey: Guid(3679feca1fa44a14d993034222c4243b) Importer(815301076,1909f56bfc062723c751e8b465ee728b)
Number of updated assets reloaded before import = 0
Start importing Assets/Resources/Utage_Scenario/Texture/Bg/29397135_p35.png using Guid(3679feca1fa44a14d993034222c4243b) Importer(815301076,1909f56bfc062723c751e8b465ee728b)  -> (artifact id: 'e611473da4f4ac8a32ee04c20354363d') in 0.048085 seconds 
Number of asset objects unloaded after import = 3
========================================================================
Received Import Request.
  Time since last request: 5.217754 seconds.
  path: Assets/Resources/Utage_Scenario/Texture/Bg/angel_a_1.png
  artifactKey: Guid(49d888fb95bdb6c4390f4983da1d3904) Importer(815301076,1909f56bfc062723c751e8b465ee728b)
Number of updated assets reloaded before import = 0
Start importing Assets/Resources/Utage_Scenario/Texture/Bg/angel_a_1.png using Guid(49d888fb95bdb6c4390f4983da1d3904) Importer(815301076,1909f56bfc062723c751e8b465ee728b)  -> (artifact id: 'cb416b2d49e2022278f18066dd2168cf') in 0.109164 seconds 
Number of asset objects unloaded after import = 3
========================================================================
Received Import Request.
  Time since last request: 59.499276 seconds.
  path: Assets/Resources/Utage_Scenario/Texture/Bg/kirag237.png
  artifactKey: Guid(b400daa73e3d9364d8958aa475da5969) Importer(815301076,1909f56bfc062723c751e8b465ee728b)
Number of updated assets reloaded before import = 0
Start importing Assets/Resources/Utage_Scenario/Texture/Bg/kirag237.png using Guid(b400daa73e3d9364d8958aa475da5969) Importer(815301076,1909f56bfc062723c751e8b465ee728b)  -> (artifact id: '84125148eaa5d697c682c9b53b3a4171') in 0.067343 seconds 
Number of asset objects unloaded after import = 3
========================================================================
Received Import Request.
  Time since last request: 10.875448 seconds.
  path: Assets/Resources/Utage_Scenario/Texture/Bg/kirakira045-.png
  artifactKey: Guid(413c63df6cc73ab48ab4e506dc53b89d) Importer(815301076,1909f56bfc062723c751e8b465ee728b)
Number of updated assets reloaded before import = 0
Start importing Assets/Resources/Utage_Scenario/Texture/Bg/kirakira045-.png using Guid(413c63df6cc73ab48ab4e506dc53b89d) Importer(815301076,1909f56bfc062723c751e8b465ee728b)  -> (artifact id: 'add07e41acbfbbf50db2e472a1828e25') in 0.108312 seconds 
Number of asset objects unloaded after import = 3
========================================================================
Received Import Request.
  Time since last request: 12.591530 seconds.
  path: Assets/Resources/Utage_Scenario/Texture/Bg/kirag239.png
  artifactKey: Guid(7f30a7979671018458d486426940724e) Importer(815301076,1909f56bfc062723c751e8b465ee728b)
Number of updated assets reloaded before import = 0
Start importing Assets/Resources/Utage_Scenario/Texture/Bg/kirag239.png using Guid(7f30a7979671018458d486426940724e) Importer(815301076,1909f56bfc062723c751e8b465ee728b)  -> (artifact id: '76af4fe52244066413592fd4f842f118') in 0.098381 seconds 
Number of asset objects unloaded after import = 3
========================================================================
Received Import Request.
  Time since last request: 16.518981 seconds.
  path: Assets/Resources/Utage_Scenario/Texture/Bg/kirag236.png
  artifactKey: Guid(a0c99152706009240bf31384b383a437) Importer(815301076,1909f56bfc062723c751e8b465ee728b)
Number of updated assets reloaded before import = 0
Start importing Assets/Resources/Utage_Scenario/Texture/Bg/kirag236.png using Guid(a0c99152706009240bf31384b383a437) Importer(815301076,1909f56bfc062723c751e8b465ee728b)  -> (artifact id: 'd23675ebb09258a9da91495d8dfc92ac') in 0.106630 seconds 
Number of asset objects unloaded after import = 3
========================================================================
Received Import Request.
  Time since last request: 257.782460 seconds.
  path: Assets/Resources/Utage_Scenario/Texture/Bg/t05-bg-polkadot.gif
  artifactKey: Guid(5f3f6b3625b68bf43a0a0e9dfe8ec1c0) Importer(815301076,1909f56bfc062723c751e8b465ee728b)
Number of updated assets reloaded before import = 0
Start importing Assets/Resources/Utage_Scenario/Texture/Bg/t05-bg-polkadot.gif using Guid(5f3f6b3625b68bf43a0a0e9dfe8ec1c0) Importer(815301076,1909f56bfc062723c751e8b465ee728b)  -> (artifact id: '06ca07dc239be89b0ca8527cc8cf533f') in 0.056175 seconds 
Number of asset objects unloaded after import = 3
========================================================================
Received Import Request.
  Time since last request: 26.910744 seconds.
  path: Assets/Resources/Utage_Scenario/Texture/Bg/x16-bg-checked.gif
  artifactKey: Guid(7c0c44e9c1e4da74daaf5b804022bd77) Importer(815301076,1909f56bfc062723c751e8b465ee728b)
Number of updated assets reloaded before import = 0
Start importing Assets/Resources/Utage_Scenario/Texture/Bg/x16-bg-checked.gif using Guid(7c0c44e9c1e4da74daaf5b804022bd77) Importer(815301076,1909f56bfc062723c751e8b465ee728b)  -> (artifact id: 'e7bb962419ac404ad87772e63da60610') in 0.014545 seconds 
Number of asset objects unloaded after import = 3
========================================================================
Received Import Request.
  Time since last request: 8.746555 seconds.
  path: Assets/Resources/Utage_Scenario/Texture/Bg/eu_128.png
  artifactKey: Guid(62bae47e25f54204891b64a95cf0bf4f) Importer(815301076,1909f56bfc062723c751e8b465ee728b)
Number of updated assets reloaded before import = 0
Start importing Assets/Resources/Utage_Scenario/Texture/Bg/eu_128.png using Guid(62bae47e25f54204891b64a95cf0bf4f) Importer(815301076,1909f56bfc062723c751e8b465ee728b)  -> (artifact id: '5e727710a13cf664605424350821cead') in 0.119615 seconds 
Number of asset objects unloaded after import = 3
========================================================================
Received Import Request.
  Time since last request: 0.743223 seconds.
  path: Assets/Resources/Utage_Scenario/Texture/Bg/eu_160.png
  artifactKey: Guid(5e9be2abf5311cd4abab1fc88cde4f60) Importer(815301076,1909f56bfc062723c751e8b465ee728b)
Number of updated assets reloaded before import = 0
Start importing Assets/Resources/Utage_Scenario/Texture/Bg/eu_160.png using Guid(5e9be2abf5311cd4abab1fc88cde4f60) Importer(815301076,1909f56bfc062723c751e8b465ee728b)  -> (artifact id: 'f3770a2a7c58bccc666483751218c7db') in 0.115542 seconds 
Number of asset objects unloaded after import = 3
========================================================================
Received Import Request.
  Time since last request: 1.469568 seconds.
  path: Assets/Resources/Utage_Scenario/Texture/Bg/eu_164.png
  artifactKey: Guid(530cee897862e1845a4c29ab60b994f9) Importer(815301076,1909f56bfc062723c751e8b465ee728b)
Number of updated assets reloaded before import = 0
Start importing Assets/Resources/Utage_Scenario/Texture/Bg/eu_164.png using Guid(530cee897862e1845a4c29ab60b994f9) Importer(815301076,1909f56bfc062723c751e8b465ee728b)  -> (artifact id: 'ef6d2d9c6c756bb081eefc5c95e61bd9') in 0.092404 seconds 
Number of asset objects unloaded after import = 3
========================================================================
Received Import Request.
  Time since last request: 0.529559 seconds.
  path: Assets/Resources/Utage_Scenario/Texture/Bg/eu_170.png
  artifactKey: Guid(e9e0158be82f4274f99a27e5a4864c03) Importer(815301076,1909f56bfc062723c751e8b465ee728b)
Number of updated assets reloaded before import = 0
Start importing Assets/Resources/Utage_Scenario/Texture/Bg/eu_170.png using Guid(e9e0158be82f4274f99a27e5a4864c03) Importer(815301076,1909f56bfc062723c751e8b465ee728b)  -> (artifact id: 'd0f888bb171128b2c07279ede24a8c2e') in 0.109066 seconds 
Number of asset objects unloaded after import = 3
========================================================================
Received Import Request.
  Time since last request: 0.366860 seconds.
  path: Assets/Resources/Utage_Scenario/Texture/Bg/eu_174.png
  artifactKey: Guid(9db61d72c25369d4eb123fa5b1c8fd94) Importer(815301076,1909f56bfc062723c751e8b465ee728b)
Number of updated assets reloaded before import = 0
Start importing Assets/Resources/Utage_Scenario/Texture/Bg/eu_174.png using Guid(9db61d72c25369d4eb123fa5b1c8fd94) Importer(815301076,1909f56bfc062723c751e8b465ee728b)  -> (artifact id: '6c8374c35e8e3c14b33b54044e6ad2dd') in 0.104667 seconds 
Number of asset objects unloaded after import = 3
========================================================================
Received Import Request.
  Time since last request: 2.748662 seconds.
  path: Assets/Resources/Utage_Scenario/Texture/Bg/eu_182.png
  artifactKey: Guid(7903719d8035f704fbc81969a16cedeb) Importer(815301076,1909f56bfc062723c751e8b465ee728b)
Number of updated assets reloaded before import = 0
Start importing Assets/Resources/Utage_Scenario/Texture/Bg/eu_182.png using Guid(7903719d8035f704fbc81969a16cedeb) Importer(815301076,1909f56bfc062723c751e8b465ee728b)  -> (artifact id: '708be3602c2edf7c7733265be5444827') in 0.097175 seconds 
Number of asset objects unloaded after import = 3
========================================================================
Received Import Request.
  Time since last request: 0.737958 seconds.
  path: Assets/Resources/Utage_Scenario/Texture/Bg/eu_185.png
  artifactKey: Guid(f8f3d9c0e17ea33419b60906110e8598) Importer(815301076,1909f56bfc062723c751e8b465ee728b)
Number of updated assets reloaded before import = 0
Start importing Assets/Resources/Utage_Scenario/Texture/Bg/eu_185.png using Guid(f8f3d9c0e17ea33419b60906110e8598) Importer(815301076,1909f56bfc062723c751e8b465ee728b)  -> (artifact id: 'd9f8849f09a7955bac44879b8eb92141') in 0.092058 seconds 
Number of asset objects unloaded after import = 3
========================================================================
Received Import Request.
  Time since last request: 2.696940 seconds.
  path: Assets/Resources/Utage_Scenario/Texture/Bg/eu_040.png
  artifactKey: Guid(0647bb74f2fb1d24ab686da36a170e17) Importer(815301076,1909f56bfc062723c751e8b465ee728b)
Number of updated assets reloaded before import = 0
Start importing Assets/Resources/Utage_Scenario/Texture/Bg/eu_040.png using Guid(0647bb74f2fb1d24ab686da36a170e17) Importer(815301076,1909f56bfc062723c751e8b465ee728b)  -> (artifact id: 'eb8f077af8f34daa5f3343a3eff314c0') in 0.114625 seconds 
Number of asset objects unloaded after import = 3
========================================================================
Received Import Request.
  Time since last request: 0.109147 seconds.
  path: Assets/Resources/Utage_Scenario/Texture/Bg/eu_026.png
  artifactKey: Guid(74f8c15a898871c4c8832869255c689a) Importer(815301076,1909f56bfc062723c751e8b465ee728b)
Number of updated assets reloaded before import = 0
Start importing Assets/Resources/Utage_Scenario/Texture/Bg/eu_026.png using Guid(74f8c15a898871c4c8832869255c689a) Importer(815301076,1909f56bfc062723c751e8b465ee728b)  -> (artifact id: '1583752cb76c04c6ef2ed4ff67d6fc2b') in 0.102329 seconds 
Number of asset objects unloaded after import = 3
========================================================================
Received Import Request.
  Time since last request: 0.179258 seconds.
  path: Assets/Resources/Utage_Scenario/Texture/Bg/esfan_014y_800.600.jpg
  artifactKey: Guid(8d501ea6b839d5342871e7984eb92ae9) Importer(815301076,1909f56bfc062723c751e8b465ee728b)
Number of updated assets reloaded before import = 0
Start importing Assets/Resources/Utage_Scenario/Texture/Bg/esfan_014y_800.600.jpg using Guid(8d501ea6b839d5342871e7984eb92ae9) Importer(815301076,1909f56bfc062723c751e8b465ee728b)  -> (artifact id: 'ebe2af3fc698aaf40855698468784e96') in 0.036522 seconds 
Number of asset objects unloaded after import = 3
========================================================================
Received Import Request.
  Time since last request: 0.584358 seconds.
  path: Assets/Resources/Utage_Scenario/Texture/Bg/esfan_014n_800.600.jpg
  artifactKey: Guid(c1151a1650b81ed499efb0188f2ace1e) Importer(815301076,1909f56bfc062723c751e8b465ee728b)
Number of updated assets reloaded before import = 0
Start importing Assets/Resources/Utage_Scenario/Texture/Bg/esfan_014n_800.600.jpg using Guid(c1151a1650b81ed499efb0188f2ace1e) Importer(815301076,1909f56bfc062723c751e8b465ee728b)  -> (artifact id: '1fec0ec4faf1c583bfda60e1623518e9') in 0.034641 seconds 
Number of asset objects unloaded after import = 3
========================================================================
Received Import Request.
  Time since last request: 0.465416 seconds.
  path: Assets/Resources/Utage_Scenario/Texture/Bg/esfan_012_800.600.jpg
  artifactKey: Guid(7794382aa3d1ce3459a020562e1bfeaa) Importer(815301076,1909f56bfc062723c751e8b465ee728b)
Number of updated assets reloaded before import = 0
Start importing Assets/Resources/Utage_Scenario/Texture/Bg/esfan_012_800.600.jpg using Guid(7794382aa3d1ce3459a020562e1bfeaa) Importer(815301076,1909f56bfc062723c751e8b465ee728b)  -> (artifact id: '8d581b9142391a68b5e5d12d712b1f0a') in 0.034924 seconds 
Number of asset objects unloaded after import = 3
========================================================================
Received Import Request.
  Time since last request: 2.212651 seconds.
  path: Assets/Resources/Utage_Scenario/Texture/Bg/esfan_006_800.600.jpg
  artifactKey: Guid(b4adc07e5aa11404692a9e7abe706020) Importer(815301076,1909f56bfc062723c751e8b465ee728b)
Number of updated assets reloaded before import = 0
Start importing Assets/Resources/Utage_Scenario/Texture/Bg/esfan_006_800.600.jpg using Guid(b4adc07e5aa11404692a9e7abe706020) Importer(815301076,1909f56bfc062723c751e8b465ee728b)  -> (artifact id: 'bbaa77a9b5e94f59d2c53d2f9adf5130') in 0.031699 seconds 
Number of asset objects unloaded after import = 3
========================================================================
Received Import Request.
  Time since last request: 1.101145 seconds.
  path: Assets/Resources/Utage_Scenario/Texture/Bg/esfan_003_800.600_noutage.jpg
  artifactKey: Guid(37e4d8ae581b5a1469bd316447c160ff) Importer(815301076,1909f56bfc062723c751e8b465ee728b)
Number of updated assets reloaded before import = 0
Start importing Assets/Resources/Utage_Scenario/Texture/Bg/esfan_003_800.600_noutage.jpg using Guid(37e4d8ae581b5a1469bd316447c160ff) Importer(815301076,1909f56bfc062723c751e8b465ee728b)  -> (artifact id: '99790e605068b00bbcb94a0a1ba654b1') in 0.032505 seconds 
Number of asset objects unloaded after import = 3
========================================================================
Received Import Request.
  Time since last request: 1.076300 seconds.
  path: Assets/Resources/Utage_Scenario/Texture/Bg/dlfanfanokyu02.jpg
  artifactKey: Guid(baf3eb19e3401724e97eee9f5ce233e8) Importer(815301076,1909f56bfc062723c751e8b465ee728b)
Number of updated assets reloaded before import = 0
Start importing Assets/Resources/Utage_Scenario/Texture/Bg/dlfanfanokyu02.jpg using Guid(baf3eb19e3401724e97eee9f5ce233e8) Importer(815301076,1909f56bfc062723c751e8b465ee728b)  -> (artifact id: 'a7d609083a9fdf92b54230d61cc760c8') in 0.162906 seconds 
Number of asset objects unloaded after import = 3
========================================================================
Received Import Request.
  Time since last request: 0.583124 seconds.
  path: Assets/Resources/Utage_Scenario/Texture/Bg/dleuro_hanadokei_e.jpg
  artifactKey: Guid(5dbbdb575a6671840a48c6d539e7be24) Importer(815301076,1909f56bfc062723c751e8b465ee728b)
Number of updated assets reloaded before import = 0
Start importing Assets/Resources/Utage_Scenario/Texture/Bg/dleuro_hanadokei_e.jpg using Guid(5dbbdb575a6671840a48c6d539e7be24) Importer(815301076,1909f56bfc062723c751e8b465ee728b)  -> (artifact id: 'b12fdc3f41ae98296dea8cccb5d8cd27') in 0.139376 seconds 
Number of asset objects unloaded after import = 3
========================================================================
Received Import Request.
  Time since last request: 0.546754 seconds.
  path: Assets/Resources/Utage_Scenario/Texture/Bg/check_x15.gif
  artifactKey: Guid(f3aba087d6fa32e47982feab65810b49) Importer(815301076,1909f56bfc062723c751e8b465ee728b)
Number of updated assets reloaded before import = 0
Start importing Assets/Resources/Utage_Scenario/Texture/Bg/check_x15.gif using Guid(f3aba087d6fa32e47982feab65810b49) Importer(815301076,1909f56bfc062723c751e8b465ee728b)  -> (artifact id: 'c9a2e3433ac0e410502052641ec1fd19') in 0.014175 seconds 
Number of asset objects unloaded after import = 3
========================================================================
Received Import Request.
  Time since last request: 0.838371 seconds.
  path: Assets/Resources/Utage_Scenario/Texture/Bg/check_x13.gif
  artifactKey: Guid(2eb7731697021de448fc4a68a0deb879) Importer(815301076,1909f56bfc062723c751e8b465ee728b)
Number of updated assets reloaded before import = 0
Start importing Assets/Resources/Utage_Scenario/Texture/Bg/check_x13.gif using Guid(2eb7731697021de448fc4a68a0deb879) Importer(815301076,1909f56bfc062723c751e8b465ee728b)  -> (artifact id: 'a72176efbc3c65575911036255ea4d06') in 0.011487 seconds 
Number of asset objects unloaded after import = 3
========================================================================
Received Import Request.
  Time since last request: 0.282299 seconds.
  path: Assets/Resources/Utage_Scenario/Texture/Bg/castle_1080_sample.jpg
  artifactKey: Guid(ec1884aee224aaf458bf48d210f8d89f) Importer(815301076,1909f56bfc062723c751e8b465ee728b)
Number of updated assets reloaded before import = 0
Start importing Assets/Resources/Utage_Scenario/Texture/Bg/castle_1080_sample.jpg using Guid(ec1884aee224aaf458bf48d210f8d89f) Importer(815301076,1909f56bfc062723c751e8b465ee728b)  -> (artifact id: 'b240a73f9307c8a7ec01da800585bcfc') in 0.044845 seconds 
Number of asset objects unloaded after import = 3
