
=== Wed Nov 13 14:28:22 2024

Packages were changed.
Update Mode: updateDependencies

The following packages were added:
  com.unity.analytics@3.2.3
  com.unity.purchasing@2.2.1
  com.unity.ads@2.0.8
  com.unity.textmeshpro@1.4.1
  com.unity.package-manager-ui@2.0.13
  com.unity.collab-proxy@1.2.15
  com.unity.modules.ai@1.0.0
  com.unity.modules.animation@1.0.0
  com.unity.modules.assetbundle@1.0.0
  com.unity.modules.audio@1.0.0
  com.unity.modules.cloth@1.0.0
  com.unity.modules.director@1.0.0
  com.unity.modules.imageconversion@1.0.0
  com.unity.modules.imgui@1.0.0
  com.unity.modules.jsonserialize@1.0.0
  com.unity.modules.particlesystem@1.0.0
  com.unity.modules.physics@1.0.0
  com.unity.modules.physics2d@1.0.0
  com.unity.modules.screencapture@1.0.0
  com.unity.modules.terrain@1.0.0
  com.unity.modules.terrainphysics@1.0.0
  com.unity.modules.tilemap@1.0.0
  com.unity.modules.ui@1.0.0
  com.unity.modules.uielements@1.0.0
  com.unity.modules.umbra@1.0.0
  com.unity.modules.unityanalytics@1.0.0
  com.unity.modules.unitywebrequest@1.0.0
  com.unity.modules.unitywebrequestassetbundle@1.0.0
  com.unity.modules.unitywebrequestaudio@1.0.0
  com.unity.modules.unitywebrequesttexture@1.0.0
  com.unity.modules.unitywebrequestwww@1.0.0
  com.unity.modules.vehicles@1.0.0
  com.unity.modules.video@1.0.0
  com.unity.modules.vr@1.0.0
  com.unity.modules.wind@1.0.0
  com.unity.modules.xr@1.0.0

=== Thu Nov 14 10:53:41 2024

Packages were changed.
Update Mode: updateDependencies

The following packages were added:
  com.unity.2d.sprite@1.0.0
  com.unity.2d.tilemap@1.0.0
  com.unity.ide.rider@1.2.1
  com.unity.ide.visualstudio@2.0.15
  com.unity.ide.vscode@1.2.5
  com.unity.modules.androidjni@1.0.0
  com.unity.multiplayer-hlapi@1.0.8
  com.unity.test-framework@1.1.31
  com.unity.timeline@1.2.18
  com.unity.ugui@1.0.0
  com.unity.xr.legacyinputhelpers@2.1.9
The following packages were updated:
  com.unity.ads from version 2.0.8 to 3.7.5
  com.unity.analytics from version 3.2.3 to 3.6.12
  com.unity.collab-proxy from version 1.2.15 to 1.14.18
  com.unity.purchasing from version 2.2.1 to 4.1.5
  com.unity.textmeshpro from version 1.4.1 to 2.1.4
The following packages were removed:
  com.unity.package-manager-ui@2.0.13

=== Thu Nov 14 12:35:51 2024

Packages were changed.
Update Mode: updateDependencies

The following packages were updated:
  com.unity.ads from version 3.7.5 to 4.4.2
  com.unity.collab-proxy from version 1.14.18 to 2.0.4
  com.unity.ide.rider from version 1.2.1 to 3.0.21
  com.unity.ide.visualstudio from version 2.0.15 to 2.0.18
  com.unity.purchasing from version 4.1.5 to 4.8.0
  com.unity.test-framework from version 1.1.31 to 1.1.33
  com.unity.textmeshpro from version 2.1.4 to 3.0.6
  com.unity.timeline from version 1.2.18 to 1.4.8
  com.unity.xr.legacyinputhelpers from version 2.1.9 to 2.1.10

=== Thu Nov 14 12:52:00 2024

Packages were changed.
Update Mode: updateDependencies

The following packages were updated:
  com.unity.collab-proxy from version 2.0.4 to 2.5.2
  com.unity.ide.rider from version 3.0.21 to 3.0.31
  com.unity.ide.visualstudio from version 2.0.18 to 2.0.22
  com.unity.purchasing from version 4.8.0 to 4.9.3
  com.unity.timeline from version 1.4.8 to 1.6.5
  com.unity.xr.legacyinputhelpers from version 2.1.10 to 2.1.11
The following packages were removed:
  com.unity.multiplayer-hlapi@1.0.8
